../Core/Src/nrf24.c:4:13:nrf24_csn_low	8	static
../Core/Src/nrf24.c:5:13:nrf24_csn_high	8	static
../Core/Src/nrf24.c:6:13:nrf24_ce_low	8	static
../Core/Src/nrf24.c:7:13:nrf24_ce_high	8	static
../Core/Src/nrf24.c:15:16:nrf24_spi_rw	32	static
../Core/Src/nrf24.c:23:6:nrf24_write_reg	16	static
../Core/Src/nrf24.c:31:9:nrf24_read_reg	24	static
../Core/Src/nrf24.c:41:6:nrf24_write_reg_multi	24	static
../Core/Src/nrf24.c:52:6:nrf24_set_tx_addr	16	static
../Core/Src/nrf24.c:58:6:nrf24_set_rx_addr	16	static
../Core/Src/nrf24.c:63:6:nrf24_set_channel	16	static
../Core/Src/nrf24.c:68:6:nrf24_tx_mode	8	static
../Core/Src/nrf24.c:75:6:nrf24_rx_mode	8	static
../Core/Src/nrf24.c:85:6:nrf24_init	8	static
../Core/Src/nrf24.c:101:6:nrf24_send_data	24	static
../Core/Src/nrf24.c:119:9:nrf24_data_ready	16	static
../Core/Src/nrf24.c:125:6:nrf24_receive	32	static
